Welcome to Git (version 1.7.8-preview20111206)


Run 'git help git' to display the help index.
Run 'git help <command>' to display help for specific commands.

Administrator@USER-PC /F/tools/svn
$ git init
Initialized empty Git repository in f:/tools/svn/.git/

Administrator@USER-PC /F/tools/svn (master)
$ git add readme
fatal: pathspec 'readme' did not match any files

Administrator@USER-PC /F/tools/svn (master)
$ touch readme

Administrator@USER-PC /F/tools/svn (master)
$ git add readme

Administrator@USER-PC /F/tools/svn (master)
$ git commit -m 'first commit'
[master (root-commit) cd2d407] first commit
 Committer: unknown <Administrator@user-PC.(none)>
Your name and email address were configured automatically based
on your username and hostname. Please check that they are accurate.
You can suppress this message by setting them explicitly:

    git config --global user.name "Your Name"
    git config --global user.email you@example.com

After doing this, you may fix the identity used for this commit with:

    git commit --amend --reset-author

 0 files changed, 0 insertions(+), 0 deletions(-)
 create mode 100644 readme

Administrator@USER-PC /F/tools/svn (master)
$ git config --global user.name "muxiaoshan"

Administrator@USER-PC /F/tools/svn (master)
$ git config --global user.email muxiaoshan@126.com

Administrator@USER-PC /F/tools/svn (master)
$ git commit -m 'first commit'
# On branch master
nothing to commit (working directory clean)

Administrator@USER-PC /F/tools/svn (master)
$ git remote add origin git@github.com:muxiaoshan/junbuzhigithub.git

Administrator@USER-PC /F/tools/svn (master)
$ git push -u origin master
The authenticity of host 'github.com (207.97.227.239)' can't be established.
RSA key fingerprint is 16:27:ac:a5:76:28:2d:36:63:1b:56:4d:eb:df:a6:48.
Are you sure you want to continue connecting (yes/no)?
Host key verification failed.
fatal: The remote end hung up unexpectedly

Administrator@USER-PC /F/tools/svn (master)
$ cd ~/.ssh

Administrator@USER-PC ~/.ssh
$ ls

Administrator@USER-PC ~/.ssh
$ id_rsa id_rsa.pub
sh: id_rsa: command not found

Administrator@USER-PC ~/.ssh
$ ssh-keygen -t rsa -C "muxiaoshan@126.com"
Generating public/private rsa key pair.
Enter file in which to save the key (/c/Users/Administrator/.ssh/id_rsa):
Enter passphrase (empty for no passphrase):
Enter same passphrase again:
Your identification has been saved in /c/Users/Administrator/.ssh/id_rsa.
Your public key has been saved in /c/Users/Administrator/.ssh/id_rsa.pub.
The key fingerprint is:
aa:97:5b:29:fd:2c:7e:81:a1:38:ea:c1:f3:1e:e9:f0 muxiaoshan@126.com

Administrator@USER-PC ~/.ssh
$ ssh -T git@github.com
The authenticity of host 'github.com (207.97.227.239)' can't be established.
RSA key fingerprint is 16:27:ac:a5:76:28:2d:36:63:1b:56:4d:eb:df:a6:48.
Are you sure you want to continue connecting (yes/no)? yes
Warning: Permanently added 'github.com,207.97.227.239' (RSA) to the list of know
n hosts.
Permission denied (publickey).

Administrator@USER-PC ~/.ssh
$ git config --global github.user muxiaoshan

Administrator@USER-PC ~/.ssh
$ cd /f/tools/svn

Administrator@USER-PC /f/tools/svn (master)
$ git add readme

Administrator@USER-PC /f/tools/svn (master)
$ git commit -m 'first commit'
# On branch master
nothing to commit (working directory clean)

Administrator@USER-PC /f/tools/svn (master)
$ touch readme

Administrator@USER-PC /f/tools/svn (master)
$ git add readme

Administrator@USER-PC /f/tools/svn (master)
$ git commit
# On branch master
nothing to commit (working directory clean)

Administrator@USER-PC /f/tools/svn (master)
$ git add hello.txt

Administrator@USER-PC /f/tools/svn (master)
$ git commit
[master ae81902] ok,it's admitted' git commit
 1 files changed, 1 insertions(+), 0 deletions(-)
 create mode 100644 hello.txt

Administrator@USER-PC /f/tools/svn (master)
$ git remote add origin git@github.com:muxiaoshan/junbuzhigithub.git
fatal: remote origin already exists.

Administrator@USER-PC /f/tools/svn (master)
$ git push -u origin master
Permission denied (publickey).
fatal: The remote end hung up unexpectedly

Administrator@USER-PC /f/tools/svn (master)
$ ssh -T git@github.com
Hi muxiaoshan! You've successfully authenticated, but GitHub does not provide sh
ell access.

Administrator@USER-PC /f/tools/svn (master)
$ git config --global user.name "muxiaoshan"

Administrator@USER-PC /f/tools/svn (master)
$ git config --global user.email "muxiaoshan@126.com"

Administrator@USER-PC /f/tools/svn (master)
$ git config --global github.user muxiaoshan

Administrator@USER-PC /f/tools/svn (master)
$ git config --global github.token 30ea542274bd192340d0a258cddcbbd2

Administrator@USER-PC /f/tools/svn (master)
$ git push -u origin master
Counting objects: 6, done.
Delta compression using up to 4 threads.
Compressing objects: 100% (3/3), done.
Writing objects: 100% (6/6), 468 bytes, done.
Total 6 (delta 0), reused 0 (delta 0)
To git@github.com:muxiaoshan/junbuzhigithub.git
 * [new branch]      master -> master
Branch master set up to track remote branch master from origin.

Administrator@USER-PC /f/tools/svn (master)
$ cd /F/java/chinacreator/accumulation/svn

Administrator@USER-PC /F/java/chinacreator/accumulation/svn
$ git init
Initialized empty Git repository in f:/java/chinacreator/accumulation/svn/.git/

Administrator@USER-PC /F/java/chinacreator/accumulation/svn (master)
$ cd /f/java/chinacreator/accumulation

Administrator@USER-PC /f/java/chinacreator/accumulation
$ git init
Initialized empty Git repository in f:/java/chinacreator/accumulation/.git/

Administrator@USER-PC /f/java/chinacreator/accumulation (master)
$ git add -a
error: unknown switch `a'
usage: git add [options] [--] <filepattern>...

    -n, --dry-run         dry run
    -v, --verbose         be verbose

    -i, --interactive     interactive picking
    -p, --patch           select hunks interactively
    -e, --edit            edit current diff and apply
    -f, --force           allow adding otherwise ignored files
    -u, --update          update tracked files
    -N, --intent-to-add   record only the fact that the path will be added later

    -A, --all             add changes from all tracked and untracked files
    --refresh             don't add, only refresh the index
    --ignore-errors       just skip files which cannot be added because of error
s
    --ignore-missing      check if - even missing - files are ignored in dry run



Administrator@USER-PC /f/java/chinacreator/accumulation (master)
$ git add -A
warning: LF will be replaced by CRLF in drools/jbpm/sample/TestJBPM/.mymetadata.

The file will have its original line endings in your working directory.
warning: LF will be replaced by CRLF in drools/jbpm/sample/TestJBPM/WebRoot/META
-INF/MANIFEST.MF.
The file will have its original line endings in your working directory.
warning: LF will be replaced by CRLF in drools/jbpm/sample/TestJBPM/WebRoot/WEB-
INF/classes/jbpm.mail.properties.
The file will have its original line endings in your working directory.
warning: LF will be replaced by CRLF in drools/jbpm/sample/TestJBPM/WebRoot/WEB-
INF/classes/leave.jpdl.xml.
The file will have its original line endings in your working directory.
warning: LF will be replaced by CRLF in drools/jbpm/sample/TestJBPM/WebRoot/WEB-
INF/classes/log4j.properties.
The file will have its original line endings in your working directory.
warning: LF will be replaced by CRLF in drools/jbpm/sample/TestJBPM/WebRoot/WEB-
INF/classes/process_forms.css.
The file will have its original line endings in your working directory.
warning: LF will be replaced by CRLF in drools/jbpm/sample/TestJBPM/src/jbpm.mai
l.properties.
The file will have its original line endings in your working directory.
warning: LF will be replaced by CRLF in drools/jbpm/sample/TestJBPM/src/leave.jp
dl.xml.
The file will have its original line endings in your working directory.
warning: LF will be replaced by CRLF in drools/jbpm/sample/TestJBPM/src/log4j.pr
operties.
The file will have its original line endings in your working directory.
warning: LF will be replaced by CRLF in drools/jbpm/sample/TestJBPM/src/process_
forms.css.
The file will have its original line endings in your working directory.
fatal: unable to stat 'gwt/errors and solutions/GWT 2_2 and java_lang_Incompatib
leClassChangeError ? grack_com Matt Mastracci's blog.mht': No such file or direc
tory

Administrator@USER-PC /f/java/chinacreator/accumulation (master)
$